# Virtual Tape List
# Generated on: 2026-01-22 16:33:28
# Region: us-east-1
# Gateway: all gateways
# Total tapes: 0
#
# Format: One tape barcode per line
# Use this file with --delete-specific --tape-file
#

# No tapes found
